{
    "errorCode": "ACC-SER-ERR-0001",
    "errorMessage": "Request validation error",
    "timeStamp": "2023-12-31T22:21:17.0711118",
    "details": []
}